[kebayoran.labschool-unj.sch.id/smalabsky/index.html]
[backblue.gif]
[fade.gif]
[index.html]
[kebayoran.labschool-unj.sch.id/wp-content/plugins/wpvr/src/view6281.css]
[kebayoran.labschool-unj.sch.id/wp-includes/css/dist/block-library/style.min6281.css]
[kebayoran.labschool-unj.sch.id/wp-content/plugins/addon-elements-for-elementor-page-builder/assets/css/eae.min5152.css]
[kebayoran.labschool-unj.sch.id/wp-content/plugins/elementor/assets/lib/font-awesome/css/v4-shims.min5152.css]
[kebayoran.labschool-unj.sch.id/wp-content/plugins/elementor/assets/lib/font-awesome/css/all.min4235.css]
[kebayoran.labschool-unj.sch.id/wp-content/plugins/addon-elements-for-elementor-page-builder/assets/lib/vegas/vegas.min5152.css]
[use.fontawesome.com/releases/v5.7.2/css/all72ad.css]
[kebayoran.labschool-unj.sch.id/wp-content/plugins/wpvr/public/lib/pannellum/src/css/pannellum68b3.css]
[kebayoran.labschool-unj.sch.id/wp-content/plugins/wpvr/public/lib/pannellum/src/css/video-js68b3.css]
[kebayoran.labschool-unj.sch.id/wp-content/plugins/wpvr/public/css/owl.carousel72ad.css]
[kebayoran.labschool-unj.sch.id/wp-content/plugins/wpvr/public/css/wpvr-public72ad.css]
[kebayoran.labschool-unj.sch.id/wp-content/plugins/header-footer-elementor/assets/css/header-footer-elementor905d.css]
[kebayoran.labschool-unj.sch.id/wp-content/plugins/elementor/assets/lib/eicons/css/elementor-icons.min21f9.css]
[kebayoran.labschool-unj.sch.id/wp-content/plugins/elementor/assets/lib/animations/animations.minee9a.css]
[kebayoran.labschool-unj.sch.id/wp-content/plugins/elementor/assets/css/frontend-legacy.minee9a.css]
[kebayoran.labschool-unj.sch.id/wp-content/uploads/elementor/css/custom-frontend.min378b.css]
[kebayoran.labschool-unj.sch.id/wp-content/uploads/elementor/css/post-11476378b.css]
[kebayoran.labschool-unj.sch.id/wp-content/uploads/elementor/css/custom-pro-frontend.min378b.css]
[kebayoran.labschool-unj.sch.id/wp-content/plugins/ooohboi-steroids-for-elementor/assets/css/main4bdc.css]
[kebayoran.labschool-unj.sch.id/wp-content/plugins/header-footer-elementor/inc/widgets-css/frontend905d.css]
[kebayoran.labschool-unj.sch.id/wp-content/uploads/elementor/css/post-125970b7a.css]
[kebayoran.labschool-unj.sch.id/wp-content/themes/oceanwp/assets/fonts/fontawesome/css/all.minaec5.css]
[kebayoran.labschool-unj.sch.id/wp-content/themes/oceanwp/assets/css/third/simple-line-icons.min8d5a.css]
[kebayoran.labschool-unj.sch.id/wp-content/plugins/insta-gallery/assets/frontend/magnific-popup/magnific-popup.minb045.css]
[kebayoran.labschool-unj.sch.id/wp-content/themes/oceanwp/assets/css/third/slick.minaff7.css]
[kebayoran.labschool-unj.sch.id/wp-content/themes/oceanwp/assets/css/style.min8162.css]
[kebayoran.labschool-unj.sch.id/wp-content/plugins/tablepress/css/default.mind50e.css]
[kebayoran.labschool-unj.sch.id/wp-content/plugins/ocean-extra/assets/css/widgets6281.css]
[kebayoran.labschool-unj.sch.id/wp-content/plugins/elementor/assets/lib/font-awesome/css/fontawesome.min9e0b.css]
[kebayoran.labschool-unj.sch.id/wp-content/plugins/elementor/assets/lib/font-awesome/css/solid.min9e0b.css]
[kebayoran.labschool-unj.sch.id/wp-content/plugins/elementor/assets/lib/font-awesome/css/regular.min9e0b.css]
[kebayoran.labschool-unj.sch.id/wp-content/plugins/elementor/assets/lib/font-awesome/css/brands.min9e0b.css]
[kebayoran.labschool-unj.sch.id/wp-content/plugins/master-addons/assets/fonts/iconic-fonts/iconic-font.min3109.css]
[kebayoran.labschool-unj.sch.id/wp-includes/js/jquery/jquery.minaf6c.js]
[kebayoran.labschool-unj.sch.id/wp-includes/js/jquery/jquery-migrate.mind617.js]
[kebayoran.labschool-unj.sch.id/wp-content/plugins/wpvr/public/lib/pannellum/src/js/pannellum68b3.js]
[kebayoran.labschool-unj.sch.id/wp-content/plugins/wpvr/public/lib/pannellum/src/js/libpannellum68b3.js]
[kebayoran.labschool-unj.sch.id/wp-content/plugins/wpvr/public/js/video68b3.js]
[kebayoran.labschool-unj.sch.id/wp-content/plugins/wpvr/public/lib/pannellum/src/js/videojs-pannellum-plugin68b3.js]
[kebayoran.labschool-unj.sch.id/wp-content/plugins/wpvr/public/js/owl.carousel6281.js]
[cdnjs.cloudflare.com/ajax/libs/jquery-cookie/1.4.1/jquery.cookie68b3.js]
[kebayoran.labschool-unj.sch.id/wp-content/uploads/2020/09/cropped-logo-labschool-32x32.png]
[kebayoran.labschool-unj.sch.id/wp-content/uploads/2020/09/cropped-logo-labschool-192x192.png]
[kebayoran.labschool-unj.sch.id/wp-content/uploads/2020/09/cropped-logo-labschool-180x180.png]
[kebayoran.labschool-unj.sch.id/wp-content/uploads/elementor/thumbs/logo-2-ox31rjpocm37uhn6hnbs7f7rd7z67mi0vi5foo5lui.png]
[kebayoran.labschool-unj.sch.id/wp-content/uploads/2020/08/logo-2-1024x250.png]
[kebayoran.labschool-unj.sch.id/wp-content/uploads/2022/08/logo.png]
[kebayoran.labschool-unj.sch.id/wp-content/uploads/2022/11/PPSBB-2-1024x850.jpg]
[kebayoran.labschool-unj.sch.id/wp-content/uploads/2022/09/skyavenue.jpg]
[kebayoran.labschool-unj.sch.id/wp-content/uploads/2022/08/Calon-Ketua-Umum-Osis-dengan-Juru-Bicara.png]
[kebayoran.labschool-unj.sch.id/wp-content/uploads/2022/08/osis-mpk-baru.png]
[kebayoran.labschool-unj.sch.id/wp-content/uploads/2022/11/skylite.png]
[kebayoran.labschool-unj.sch.id/wp-content/uploads/2022/04/Skylite.jpg]
[kebayoran.labschool-unj.sch.id/wp-content/uploads/2022/04/IMG_5813-768x1366-1.jpg]
[kebayoran.labschool-unj.sch.id/wp-content/uploads/2021/12/DPA_4076-scaled.jpg]
[kebayoran.labschool-unj.sch.id/wp-content/uploads/2021/12/sky-ave.png]
[kebayoran.labschool-unj.sch.id/wp-content/uploads/2021/12/MG_3872-scaled.jpg]
[kebayoran.labschool-unj.sch.id/wp-content/uploads/2021/12/SKY-RUN-2-scaled.jpg]
[kebayoran.labschool-unj.sch.id/wp-content/uploads/2021/12/BULAN-BAHASA.jpg]
[kebayoran.labschool-unj.sch.id/wp-content/uploads/2021/11/SKY-SPIRIT.jpg]
[kebayoran.labschool-unj.sch.id/wp-content/uploads/2022/09/JIG.jpg]
[kebayoran.labschool-unj.sch.id/wp-content/uploads/2022/09/SKY-VENTURE.jpg]
[kebayoran.labschool-unj.sch.id/wp-content/uploads/2022/09/SKYTALK.jpg]
[kebayoran.labschool-unj.sch.id/wp-content/uploads/2020/10/DPA_3408-scaled.jpg]
[kebayoran.labschool-unj.sch.id/wp-content/uploads/2020/08/Group-155-2-300x89.png]
[kebayoran.labschool-unj.sch.id/wp-content/uploads/2021/12/ONE-LABS-300x100.png]
[kebayoran.labschool-unj.sch.id/wp-content/plugins/premium-addons-for-elementor/assets/frontend/min-css/premium-addons.min4235.css]
[kebayoran.labschool-unj.sch.id/wp-content/plugins/master-addons/assets/css/master-addons-styles6281.css]
[kebayoran.labschool-unj.sch.id/cdn-cgi/scripts/5c5dd728/cloudflare-static/email-decode.min.js]
[kebayoran.labschool-unj.sch.id/wp-content/plugins/addon-elements-for-elementor-page-builder/assets/js/eae.min5152.js]
[kebayoran.labschool-unj.sch.id/wp-content/plugins/elementor/assets/lib/font-awesome/js/v4-shims.min5152.js]
[kebayoran.labschool-unj.sch.id/wp-content/plugins/addon-elements-for-elementor-page-builder/assets/js/animated-main.min5152.js]
[kebayoran.labschool-unj.sch.id/wp-content/plugins/addon-elements-for-elementor-page-builder/assets/js/particles.min5152.js]
[kebayoran.labschool-unj.sch.id/wp-content/plugins/addon-elements-for-elementor-page-builder/assets/lib/magnific.min3aa8.js]
[kebayoran.labschool-unj.sch.id/wp-content/plugins/addon-elements-for-elementor-page-builder/assets/lib/vegas/vegas.min8d5a.js]
[kebayoran.labschool-unj.sch.id/wp-content/plugins/wpvr/public/js/wpvr-public72ad.js]
[kebayoran.labschool-unj.sch.id/wp-content/plugins/ooohboi-steroids-for-elementor/assets/js/ooohboi-steroids-min78eb.js]
[kebayoran.labschool-unj.sch.id/wp-includes/js/imagesloaded.mineda1.js]
[kebayoran.labschool-unj.sch.id/wp-content/plugins/insta-gallery/assets/frontend/magnific-popup/jquery.magnific-popup.minb045.js]
[kebayoran.labschool-unj.sch.id/wp-content/themes/oceanwp/assets/js/third/lightbox.min8162.js]
[kebayoran.labschool-unj.sch.id/wp-content/themes/oceanwp/assets/js/main.min8162.js]
[kebayoran.labschool-unj.sch.id/wp-includes/js/wp-embed.min6281.js]
[kebayoran.labschool-unj.sch.id/wp-content/plugins/elementor-pro/assets/lib/smartmenus/jquery.smartmenus.minf269.js]
[kebayoran.labschool-unj.sch.id/wp-content/plugins/premium-addons-for-elementor/assets/frontend/min-js/premium-addons.min4235.js]
[kebayoran.labschool-unj.sch.id/wp-content/plugins/elementor/assets/lib/waypoints/waypoints.min05da.js]
[kebayoran.labschool-unj.sch.id/wp-content/plugins/premium-addons-for-elementor/assets/frontend/min-js/lottie.min4235.js]
[kebayoran.labschool-unj.sch.id/wp-content/plugins/elementor-pro/assets/js/webpack-pro.runtime.mindeae.js]
[kebayoran.labschool-unj.sch.id/wp-content/plugins/elementor/assets/js/webpack.runtime.minee9a.js]
[kebayoran.labschool-unj.sch.id/wp-content/plugins/elementor/assets/js/frontend-modules.minee9a.js]
[kebayoran.labschool-unj.sch.id/wp-content/plugins/elementor-pro/assets/lib/sticky/jquery.sticky.mindeae.js]
[kebayoran.labschool-unj.sch.id/wp-content/plugins/elementor-pro/assets/js/frontend.mindeae.js]
[kebayoran.labschool-unj.sch.id/wp-includes/js/jquery/ui/core.min35d0.js]
[kebayoran.labschool-unj.sch.id/wp-content/plugins/elementor/assets/lib/swiper/swiper.min48f5.js]
[kebayoran.labschool-unj.sch.id/wp-content/plugins/elementor/assets/lib/share-link/share-link.minee9a.js]
[kebayoran.labschool-unj.sch.id/wp-content/plugins/elementor/assets/lib/dialog/dialog.mina288.js]
[kebayoran.labschool-unj.sch.id/wp-content/plugins/elementor/assets/js/frontend.minee9a.js]
[kebayoran.labschool-unj.sch.id/wp-content/plugins/elementor-pro/assets/js/preloaded-elements-handlers.mindeae.js]
[kebayoran.labschool-unj.sch.id/wp-content/plugins/elementor/assets/js/preloaded-modules.minee9a.js]
[kebayoran.labschool-unj.sch.id/wp-content/plugins/master-addons/assets/js/plugins3109.js]
[kebayoran.labschool-unj.sch.id/smalabsky/index.html]
[kebayoran.labschool-unj.sch.id/wp-content/plugins/wpvr/src/view6281.css]
[kebayoran.labschool-unj.sch.id/wp-includes/css/dist/block-library/style.min6281.css]
[kebayoran.labschool-unj.sch.id/wp-content/plugins/master-addons/assets/js/master-addons-scripts3109.js]
[kebayoran.labschool-unj.sch.id/wp-content/plugins/addon-elements-for-elementor-page-builder/assets/css/arrow-left.svg]
[kebayoran.labschool-unj.sch.id/wp-content/plugins/addon-elements-for-elementor-page-builder/assets/css/eae.min5152.css]
[kebayoran.labschool-unj.sch.id/wp-content/plugins/elementor/assets/lib/font-awesome/css/v4-shims.min5152.css]
[kebayoran.labschool-unj.sch.id/wp-content/plugins/elementor/assets/lib/font-awesome/css/all.min4235.css]
[kebayoran.labschool-unj.sch.id/wp-content/plugins/addon-elements-for-elementor-page-builder/assets/lib/vegas/vegas.min5152.css]
[use.fontawesome.com/releases/v5.7.2/css/all72ad.css]
[kebayoran.labschool-unj.sch.id/wp-content/plugins/addon-elements-for-elementor-page-builder/assets/css/arrow-right.svg]
[kebayoran.labschool-unj.sch.id/wp-content/plugins/wpvr/public/lib/pannellum/src/css/img/background.svg]
[kebayoran.labschool-unj.sch.id/wp-content/plugins/wpvr/public/lib/pannellum/src/css/img/grab.svg]
[kebayoran.labschool-unj.sch.id/wp-content/plugins/wpvr/public/lib/pannellum/src/css/img/grabbing.svg]
[kebayoran.labschool-unj.sch.id/wp-content/plugins/wpvr/public/lib/pannellum/src/css/img/sprites.svg]
[kebayoran.labschool-unj.sch.id/wp-content/plugins/wpvr/public/lib/pannellum/src/css/pannellum68b3.css]
[kebayoran.labschool-unj.sch.id/wp-content/plugins/wpvr/public/lib/pannellum/src/css/video-js68b3.css]
[kebayoran.labschool-unj.sch.id/wp-content/plugins/wpvr/public/lib/pannellum/src/css/img/compass.svg]
[kebayoran.labschool-unj.sch.id/wp-content/plugins/wpvr/public/css/owl.video.play.png]
[kebayoran.labschool-unj.sch.id/wp-content/plugins/wpvr/public/css/owl.carousel72ad.css]
[kebayoran.labschool-unj.sch.id/wp-content/plugins/wpvr/public/css/wpvr-public72ad.css]
[kebayoran.labschool-unj.sch.id/wp-content/plugins/header-footer-elementor/assets/css/header-footer-elementor905d.css]
[kebayoran.labschool-unj.sch.id/wp-content/plugins/elementor/assets/lib/eicons/css/elementor-icons.min21f9.css]
[kebayoran.labschool-unj.sch.id/wp-content/plugins/elementor/assets/lib/animations/animations.minee9a.css]
[kebayoran.labschool-unj.sch.id/wp-content/plugins/elementor/assets/css/frontend-legacy.minee9a.css]
[kebayoran.labschool-unj.sch.id/wp-content/uploads/elementor/css/custom-frontend.min378b.css]
[kebayoran.labschool-unj.sch.id/wp-content/uploads/elementor/css/post-11476378b.css]
[kebayoran.labschool-unj.sch.id/wp-content/uploads/elementor/css/custom-pro-frontend.min378b.css]
[kebayoran.labschool-unj.sch.id/wp-content/plugins/ooohboi-steroids-for-elementor/assets/css/main4bdc.css]
[kebayoran.labschool-unj.sch.id/wp-content/uploads/2021/12/DSCF2977-FILEminimizer.jpg]
[kebayoran.labschool-unj.sch.id/wp-content/uploads/elementor/css/post-125970b7a.css]
[kebayoran.labschool-unj.sch.id/wp-content/plugins/header-footer-elementor/inc/widgets-css/frontend905d.css]
[kebayoran.labschool-unj.sch.id/wp-content/themes/oceanwp/assets/fonts/fontawesome/css/all.minaec5.css]
[kebayoran.labschool-unj.sch.id/wp-content/themes/oceanwp/assets/css/third/simple-line-icons.min8d5a.css]
[kebayoran.labschool-unj.sch.id/wp-content/plugins/insta-gallery/assets/frontend/magnific-popup/magnific-popup.minb045.css]
[kebayoran.labschool-unj.sch.id/wp-content/themes/oceanwp/assets/css/third/slick.minaff7.css]
[kebayoran.labschool-unj.sch.id/wp-content/themes/oceanwp/assets/css/style.min8162.css]
[kebayoran.labschool-unj.sch.id/wp-content/plugins/tablepress/css/tablepress.woff]
[kebayoran.labschool-unj.sch.id/wp-content/plugins/tablepress/css/default.mind50e.css]
[kebayoran.labschool-unj.sch.id/wp-content/plugins/ocean-extra/assets/img/instagram-logo.png]
[kebayoran.labschool-unj.sch.id/wp-content/plugins/ocean-extra/assets/img/flickr.png]
[kebayoran.labschool-unj.sch.id/wp-content/plugins/ocean-extra/assets/css/widgets6281.css]
[kebayoran.labschool-unj.sch.id/wp-content/plugins/elementor/assets/lib/font-awesome/css/fontawesome.min9e0b.css]
[kebayoran.labschool-unj.sch.id/wp-content/plugins/elementor/assets/lib/font-awesome/css/solid.min9e0b.css]
[kebayoran.labschool-unj.sch.id/wp-content/plugins/elementor/assets/lib/font-awesome/css/regular.min9e0b.css]
[kebayoran.labschool-unj.sch.id/wp-content/plugins/elementor/assets/lib/font-awesome/css/brands.min9e0b.css]
[kebayoran.labschool-unj.sch.id/wp-content/plugins/master-addons/assets/fonts/iconic-fonts/iconic-font.woff2]
[kebayoran.labschool-unj.sch.id/wp-content/plugins/master-addons/assets/fonts/iconic-fonts/iconic-font.woff]
[kebayoran.labschool-unj.sch.id/wp-content/plugins/master-addons/assets/fonts/iconic-fonts/iconic-font.min3109.css]
[kebayoran.labschool-unj.sch.id/wp-content/plugins/premium-addons-for-elementor/assets/frontend/min-css/premium-addons.min4235.css]
[kebayoran.labschool-unj.sch.id/wp-content/plugins/master-addons/assets/css/master-addons-styles6281.css]
[kebayoran.labschool-unj.sch.id/wp-content/plugins/addon-elements-for-elementor-page-builder/assets/css/arrow-left.svg]
[kebayoran.labschool-unj.sch.id/wp-content/plugins/addon-elements-for-elementor-page-builder/assets/css/arrow-right.svg]
[kebayoran.labschool-unj.sch.id/wp-content/plugins/wpvr/public/lib/pannellum/src/css/img/background.svg]
[kebayoran.labschool-unj.sch.id/wp-content/plugins/wpvr/public/lib/pannellum/src/css/img/grab.svg]
[kebayoran.labschool-unj.sch.id/wp-content/plugins/wpvr/public/lib/pannellum/src/css/img/grabbing.svg]
[kebayoran.labschool-unj.sch.id/wp-content/plugins/wpvr/public/lib/pannellum/src/css/img/sprites.svg]
[kebayoran.labschool-unj.sch.id/wp-content/plugins/wpvr/public/lib/pannellum/src/css/img/compass.svg]
[kebayoran.labschool-unj.sch.id/wp-content/plugins/wpvr/public/css/owl.video.play.html]
[kebayoran.labschool-unj.sch.id/wp-content/plugins/master-addons/assets/fonts/iconic-fonts/iconic-font.ttf]
